// Jest Snapshot v1, https://goo.gl/fbAQLP

exports[`currency component renders Currency correctly 1`] = `
<DocumentFragment>
  <div
    class="wrapper"
  >
    <div
      class="card"
    >
      <h3>
        Pair name
      </h3>
      <div
        class="values"
      >
        <div
          class="buy"
        >
          <span>
            ↗
          </span>
            
          <span>
            34.000000
          </span>
        </div>
        <div
          class="sell"
        >
          <span>
            ↘
          </span>
            
          <span>
            35.000000
          </span>
        </div>
      </div>
    </div>
  </div>
</DocumentFragment>
`;
