// Jest Snapshot v1, https://goo.gl/fbAQLP

exports[`details renders Navbar correctly 1`] = `
<DocumentFragment>
  <div
    class="popup"
  >
    <div
      class="popup-content"
    >
      <h3>
        Pair name
      </h3>
      <p>
        Ask:  454
      </p>
      <p>
        Bid:  4554
      </p>
      <p>
        Open:  566
      </p>
      <p>
        Low:  5666
      </p>
      <span
        class="back"
      >
        ←
      </span>
    </div>
  </div>
</DocumentFragment>
`;
